// Jest Snapshot v1, https://goo.gl/fbAQLP

exports[`MediaCard matches snapshot 1`] = `
<DocumentFragment>
  <div
    class="media-card flex flex-col items-center max-w-xs rounded overflow-hidden hover:scale-110 transition-transform cursor-pointer"
  >
    <div
      class="relative h-64 w-full"
    >
      <img
        alt="No Image"
        class="w-auto"
        data-nimg="fill"
        decoding="async"
        fetchpriority="high"
        sizes="100%"
        src="http://localhost/_next/image?url=%2Fdark-knight.jpg&w=3840&q=75"
        srcset="/_next/image?url=%2Fdark-knight.jpg&w=16&q=75 16w, /_next/image?url=%2Fdark-knight.jpg&w=32&q=75 32w, /_next/image?url=%2Fdark-knight.jpg&w=48&q=75 48w, /_next/image?url=%2Fdark-knight.jpg&w=64&q=75 64w, /_next/image?url=%2Fdark-knight.jpg&w=96&q=75 96w, /_next/image?url=%2Fdark-knight.jpg&w=128&q=75 128w, /_next/image?url=%2Fdark-knight.jpg&w=256&q=75 256w, /_next/image?url=%2Fdark-knight.jpg&w=384&q=75 384w, /_next/image?url=%2Fdark-knight.jpg&w=640&q=75 640w, /_next/image?url=%2Fdark-knight.jpg&w=750&q=75 750w, /_next/image?url=%2Fdark-knight.jpg&w=828&q=75 828w, /_next/image?url=%2Fdark-knight.jpg&w=1080&q=75 1080w, /_next/image?url=%2Fdark-knight.jpg&w=1200&q=75 1200w, /_next/image?url=%2Fdark-knight.jpg&w=1920&q=75 1920w, /_next/image?url=%2Fdark-knight.jpg&w=2048&q=75 2048w, /_next/image?url=%2Fdark-knight.jpg&w=3840&q=75 3840w"
        style="position: absolute; height: 100%; width: 100%; left: 0px; top: 0px; right: 0px; bottom: 0px; object-fit: contain; color: transparent; background-size: contain; background-position: 50% 50%; background-repeat: no-repeat;"
      />
    </div>
    <div
      class="flex-grow px-6 py-4 text-center "
    >
         
    </div>
  </div>
</DocumentFragment>
`;

exports[`MediaCard matches snapshot 2`] = `
<DocumentFragment>
  <a
    href="/testHref"
  >
    <div
      class="media-card flex flex-col items-center max-w-xs rounded overflow-hidden hover:scale-110 transition-transform cursor-pointer"
    >
      <div
        class="relative h-64 w-full"
      >
        <img
          alt="No Image"
          class="w-auto"
          data-nimg="fill"
          decoding="async"
          fetchpriority="high"
          sizes="100%"
          src="http://localhost/_next/image?url=%2Fdark-knight.jpg&w=3840&q=75"
          srcset="/_next/image?url=%2Fdark-knight.jpg&w=16&q=75 16w, /_next/image?url=%2Fdark-knight.jpg&w=32&q=75 32w, /_next/image?url=%2Fdark-knight.jpg&w=48&q=75 48w, /_next/image?url=%2Fdark-knight.jpg&w=64&q=75 64w, /_next/image?url=%2Fdark-knight.jpg&w=96&q=75 96w, /_next/image?url=%2Fdark-knight.jpg&w=128&q=75 128w, /_next/image?url=%2Fdark-knight.jpg&w=256&q=75 256w, /_next/image?url=%2Fdark-knight.jpg&w=384&q=75 384w, /_next/image?url=%2Fdark-knight.jpg&w=640&q=75 640w, /_next/image?url=%2Fdark-knight.jpg&w=750&q=75 750w, /_next/image?url=%2Fdark-knight.jpg&w=828&q=75 828w, /_next/image?url=%2Fdark-knight.jpg&w=1080&q=75 1080w, /_next/image?url=%2Fdark-knight.jpg&w=1200&q=75 1200w, /_next/image?url=%2Fdark-knight.jpg&w=1920&q=75 1920w, /_next/image?url=%2Fdark-knight.jpg&w=2048&q=75 2048w, /_next/image?url=%2Fdark-knight.jpg&w=3840&q=75 3840w"
          style="position: absolute; height: 100%; width: 100%; left: 0px; top: 0px; right: 0px; bottom: 0px; object-fit: contain; color: transparent; background-size: contain; background-position: 50% 50%; background-repeat: no-repeat;"
        />
      </div>
      <div
        class="flex-grow px-6 py-4 text-center "
      >
           
      </div>
    </div>
  </a>
</DocumentFragment>
`;
